Component: ARM Compiler 5.06 update 7 (build 960) Tool: armlink [4d3601]

==============================================================================

Section Cross References

    principal.o(i.Callback) refers to mygpio.o(i.MyGPIO_Toggle) for MyGPIO_Toggle
    principal.o(i.main) refers to mygpio.o(i.MyGPIO_Init) for MyGPIO_Init
    principal.o(i.main) refers to mytimers.o(i.MyTimer_Base_Init) for MyTimer_Base_Init
    principal.o(i.main) refers to mytimers.o(i.MyTimer_ActiveIT) for MyTimer_ActiveIT
    principal.o(i.main) refers to mytimers.o(i.MyTimer_PWM_init) for MyTimer_PWM_init
    principal.o(i.main) refers to mytimers.o(i.MyTimer_PWM_dutyCycle) for MyTimer_PWM_dutyCycle
    principal.o(i.main) refers to principal.o(.data) for Timer
    principal.o(i.main) refers to principal.o(i.Callback) for Callback
    principal.o(i.test_stop) refers to mygpio.o(i.MyGPIO_Read) for MyGPIO_Read
    principal.o(i.test_stop) refers to dflti.o(.text) for __aeabi_i2d
    principal.o(i.test_stop) refers to cdcmple.o(.text) for __aeabi_cdcmple
    principal.o(i.test_stop) refers to principal.o(.data) for Timer
    mygpio.o(i.MyGPIO_Init) refers to mygpio.o(i.MyGPIO_Set) for MyGPIO_Set
    mygpio.o(i.MyGPIO_Init) refers to mygpio.o(i.MyGPIO_Reset) for MyGPIO_Reset
    mygpio.o(i.MyGPIO_Reset) refers to mygpio.o(i.MyGPIO_Read) for MyGPIO_Read
    mygpio.o(i.MyGPIO_Set) refers to mygpio.o(i.MyGPIO_Read) for MyGPIO_Read
    mygpio.o(i.MyGPIO_Toggle) refers to mygpio.o(i.MyGPIO_Read) for MyGPIO_Read
    mytimers.o(i.MyTimer_ActiveIT) refers to mytimers.o(.data) for TIM1_Callback_pointeur
    mytimers.o(i.MyTimer_PWM_dutyCycle) refers to ffltui.o(.text) for __aeabi_ui2f
    mytimers.o(i.MyTimer_PWM_dutyCycle) refers to fmul.o(.text) for __aeabi_fmul
    mytimers.o(i.MyTimer_PWM_dutyCycle) refers to ffixi.o(.text) for __aeabi_f2iz
    mytimers.o(i.MyTimer_PWM_init) refers to mytimers.o(i.MyTimer_Base_Init) for MyTimer_Base_Init
    mytimers.o(i.MyTimer_PWM_init) refers to mytimers.o(i.MyTimer_PWM) for MyTimer_PWM
    mytimers.o(i.TIM1_UP_IRQHandler) refers to mytimers.o(.data) for TIM1_Callback_pointeur
    mytimers.o(i.TIM2_IRQHandler) refers to mytimers.o(.data) for TIM2_Callback_pointeur
    mytimers.o(i.TIM3_IRQHandler) refers to mytimers.o(.data) for TIM3_Callback_pointeur
    mytimers.o(i.TIM4_IRQHandler) refers to mytimers.o(.data) for TIM4_Callback_pointeur
    retarget_io.o(i.ITM_ReceiveChar) refers to retarget_io.o(.data) for ITM_RxBuffer
    retarget_io.o(i.__aeabi_assert) refers to fputs.o(i.fputs) for fputs
    retarget_io.o(i.__aeabi_assert) refers to retarget_io.o(i.abort) for abort
    retarget_io.o(i.__aeabi_assert) refers to stderr.o(.data) for __stderr
    retarget_io.o(i.__backspace) refers to stdin.o(.data) for __stdin
    retarget_io.o(i.__backspace) refers to retarget_io.o(.data) for getchar_ch
    retarget_io.o(i.fgetc) refers to retarget_io.o(i.stdin_getchar) for stdin_getchar
    retarget_io.o(i.fgetc) refers to stdin.o(.data) for __stdin
    retarget_io.o(i.fgetc) refers to retarget_io.o(.data) for getchar_undo
    retarget_io.o(i.fputc) refers to retarget_io.o(i.stdout_putchar) for stdout_putchar
    retarget_io.o(i.fputc) refers to retarget_io.o(i.stderr_putchar) for stderr_putchar
    retarget_io.o(i.fputc) refers to stdout.o(.data) for __stdout
    retarget_io.o(i.fputc) refers to stderr.o(.data) for __stderr
    retarget_io.o(i.stderr_putchar) refers to retarget_io.o(i.ITM_SendChar) for ITM_SendChar
    retarget_io.o(i.stdin_getchar) refers to retarget_io.o(i.ITM_ReceiveChar) for ITM_ReceiveChar
    retarget_io.o(i.stdout_putchar) refers to retarget_io.o(i.ITM_SendChar) for ITM_SendChar
    startup_stm32f10x_md.o(RESET) refers to startup_stm32f10x_md.o(STACK) for __initial_sp
    startup_stm32f10x_md.o(RESET) refers to startup_stm32f10x_md.o(.text) for Reset_Handler
    startup_stm32f10x_md.o(RESET) refers to mytimers.o(i.TIM1_UP_IRQHandler) for TIM1_UP_IRQHandler
    startup_stm32f10x_md.o(RESET) refers to mytimers.o(i.TIM2_IRQHandler) for TIM2_IRQHandler
    startup_stm32f10x_md.o(RESET) refers to mytimers.o(i.TIM3_IRQHandler) for TIM3_IRQHandler
    startup_stm32f10x_md.o(RESET) refers to mytimers.o(i.TIM4_IRQHandler) for TIM4_IRQHandler
    startup_stm32f10x_md.o(.text) refers to system_stm32f10x.o(i.SystemInit) for SystemInit
    startup_stm32f10x_md.o(.text) refers to entry.o(.ARM.Collect$$$$00000000) for __main
    system_stm32f10x.o(i.SetSysClock) refers to system_stm32f10x.o(i.SetSysClockTo72) for SetSysClockTo72
    system_stm32f10x.o(i.SystemCoreClockUpdate) refers to system_stm32f10x.o(.data) for SystemCoreClock
    system_stm32f10x.o(i.SystemInit) refers to system_stm32f10x.o(i.SetSysClock) for SetSysClock
    entry.o(.ARM.Collect$$$$00000000) refers (Special) to entry10a.o(.ARM.Collect$$$$0000000F) for __rt_final_cpp
    entry.o(.ARM.Collect$$$$00000000) refers (Special) to entry11a.o(.ARM.Collect$$$$00000011) for __rt_final_exit
    entry.o(.ARM.Collect$$$$00000000) refers (Special) to entry12b.o(.ARM.Collect$$$$0000000E) for __rt_lib_shutdown_fini
    entry.o(.ARM.Collect$$$$00000000) refers (Special) to entry7b.o(.ARM.Collect$$$$00000008) for _main_clock
    entry.o(.ARM.Collect$$$$00000000) refers (Special) to entry8b.o(.ARM.Collect$$$$0000000A) for _main_cpp_init
    entry.o(.ARM.Collect$$$$00000000) refers (Special) to entry9a.o(.ARM.Collect$$$$0000000B) for _main_init
    entry.o(.ARM.Collect$$$$00000000) refers (Special) to entry5.o(.ARM.Collect$$$$00000004) for _main_scatterload
    entry.o(.ARM.Collect$$$$00000000) refers (Special) to entry2.o(.ARM.Collect$$$$00000001) for _main_stk
    fputs.o(i.fputs) refers to retarget_io.o(i.fputc) for fputc
    fputs_e.o(.text) refers to retarget_io.o(i.fputc) for fputc
    fmul.o(.text) refers (Special) to iusefp.o(.text) for __I$use$fp
    ffltui.o(.text) refers (Special) to iusefp.o(.text) for __I$use$fp
    ffltui.o(.text) refers to fepilogue.o(.text) for _float_epilogue
    dflti.o(.text) refers (Special) to iusefp.o(.text) for __I$use$fp
    dflti.o(.text) refers to depilogue.o(.text) for _double_epilogue
    ffixi.o(.text) refers (Special) to iusefp.o(.text) for __I$use$fp
    cdcmple.o(.text) refers (Special) to iusefp.o(.text) for __I$use$fp
    entry2.o(.ARM.Collect$$$$00000001) refers to entry2.o(.ARM.Collect$$$$00002712) for __lit__00000000
    entry2.o(.ARM.Collect$$$$00002712) refers to startup_stm32f10x_md.o(STACK) for __initial_sp
    entry2.o(__vectab_stack_and_reset_area) refers to startup_stm32f10x_md.o(STACK) for __initial_sp
    entry2.o(__vectab_stack_and_reset_area) refers to entry.o(.ARM.Collect$$$$00000000) for __main
    entry5.o(.ARM.Collect$$$$00000004) refers to init.o(.text) for __scatterload
    entry9a.o(.ARM.Collect$$$$0000000B) refers to principal.o(i.main) for main
    entry9b.o(.ARM.Collect$$$$0000000C) refers to principal.o(i.main) for main
    depilogue.o(.text) refers to llshl.o(.text) for __aeabi_llsl
    depilogue.o(.text) refers to llushr.o(.text) for __aeabi_llsr
    init.o(.text) refers to entry5.o(.ARM.Collect$$$$00000004) for __main_after_scatterload


==============================================================================

Removing Unused input sections from the image.

    Removing principal.o(.rev16_text), (4 bytes).
    Removing principal.o(.revsh_text), (4 bytes).
    Removing principal.o(.rrx_text), (6 bytes).
    Removing principal.o(i.test_stop), (84 bytes).
    Removing mygpio.o(.rev16_text), (4 bytes).
    Removing mygpio.o(.revsh_text), (4 bytes).
    Removing mygpio.o(.rrx_text), (6 bytes).
    Removing mytimers.o(.rev16_text), (4 bytes).
    Removing mytimers.o(.revsh_text), (4 bytes).
    Removing mytimers.o(.rrx_text), (6 bytes).
    Removing retarget_io.o(i.ITM_ReceiveChar), (36 bytes).
    Removing retarget_io.o(i.ITM_SendChar), (48 bytes).
    Removing retarget_io.o(i.__aeabi_assert), (156 bytes).
    Removing retarget_io.o(i.__backspace), (52 bytes).
    Removing retarget_io.o(i.abort), (4 bytes).
    Removing retarget_io.o(i.fgetc), (72 bytes).
    Removing retarget_io.o(i.fputc), (48 bytes).
    Removing retarget_io.o(i.stderr_putchar), (12 bytes).
    Removing retarget_io.o(i.stdin_getchar), (16 bytes).
    Removing retarget_io.o(i.stdout_putchar), (12 bytes).
    Removing retarget_io.o(.data), (12 bytes).
    Removing startup_stm32f10x_md.o(HEAP), (512 bytes).
    Removing system_stm32f10x.o(.rev16_text), (4 bytes).
    Removing system_stm32f10x.o(.revsh_text), (4 bytes).
    Removing system_stm32f10x.o(.rrx_text), (6 bytes).
    Removing system_stm32f10x.o(i.SystemCoreClockUpdate), (164 bytes).
    Removing system_stm32f10x.o(.data), (20 bytes).
    Removing dflti.o(.text), (34 bytes).
    Removing cdcmple.o(.text), (48 bytes).
    Removing depilogue.o(.text), (186 bytes).

30 unused section(s) (total 1572 bytes) removed from the image.

==============================================================================

Image Symbol Table

    Local Symbols

    Symbol Name                              Value     Ov Type        Size  Object(Section)

    ../clib/microlib/init/entry.s            0x00000000   Number         0  entry9a.o ABSOLUTE
    ../clib/microlib/init/entry.s            0x00000000   Number         0  entry7b.o ABSOLUTE
    ../clib/microlib/init/entry.s            0x00000000   Number         0  entry10a.o ABSOLUTE
    ../clib/microlib/init/entry.s            0x00000000   Number         0  entry9b.o ABSOLUTE
    ../clib/microlib/init/entry.s            0x00000000   Number         0  entry10b.o ABSOLUTE
    ../clib/microlib/init/entry.s            0x00000000   Number         0  entry7a.o ABSOLUTE
    ../clib/microlib/init/entry.s            0x00000000   Number         0  entry2.o ABSOLUTE
    ../clib/microlib/init/entry.s            0x00000000   Number         0  entry5.o ABSOLUTE
    ../clib/microlib/init/entry.s            0x00000000   Number         0  entry12b.o ABSOLUTE
    ../clib/microlib/init/entry.s            0x00000000   Number         0  entry8b.o ABSOLUTE
    ../clib/microlib/init/entry.s            0x00000000   Number         0  entry8a.o ABSOLUTE
    ../clib/microlib/init/entry.s            0x00000000   Number         0  entry12a.o ABSOLUTE
    ../clib/microlib/init/entry.s            0x00000000   Number         0  entry11b.o ABSOLUTE
    ../clib/microlib/init/entry.s            0x00000000   Number         0  entry11a.o ABSOLUTE
    ../clib/microlib/init/entry.s            0x00000000   Number         0  entry.o ABSOLUTE
    ../clib/microlib/longlong.c              0x00000000   Number         0  llushr.o ABSOLUTE
    ../clib/microlib/longlong.c              0x00000000   Number         0  llshl.o ABSOLUTE
    ../clib/microlib/stdio/fputs.c           0x00000000   Number         0  fputs_e.o ABSOLUTE
    ../clib/microlib/stdio/fputs.c           0x00000000   Number         0  fputs.o ABSOLUTE
    ../clib/microlib/stdio/streams.c         0x00000000   Number         0  stdin.o ABSOLUTE
    ../clib/microlib/stdio/streams.c         0x00000000   Number         0  stdout.o ABSOLUTE
    ../clib/microlib/stdio/streams.c         0x00000000   Number         0  stderr.o ABSOLUTE
    ../clib/microlib/stubs.s                 0x00000000   Number         0  iusefp.o ABSOLUTE
    ../fplib/microlib/fpepilogue.c           0x00000000   Number         0  fepilogue.o ABSOLUTE
    ../fplib/microlib/fpepilogue.c           0x00000000   Number         0  depilogue.o ABSOLUTE
    ../fplib/microlib/fpfix.c                0x00000000   Number         0  ffixi.o ABSOLUTE
    ../fplib/microlib/fpflt.c                0x00000000   Number         0  dflti.o ABSOLUTE
    ../fplib/microlib/fpflt.c                0x00000000   Number         0  ffltui.o ABSOLUTE
    ../fplib/microlib/fpmul.c                0x00000000   Number         0  fmul.o ABSOLUTE
    ..\MesDrivers\Source\MyGPIO.c            0x00000000   Number         0  mygpio.o ABSOLUTE
    ..\MesDrivers\Source\MyTimers.c          0x00000000   Number         0  mytimers.o ABSOLUTE
    ..\\MesDrivers\\Source\\MyGPIO.c         0x00000000   Number         0  mygpio.o ABSOLUTE
    ..\\MesDrivers\\Source\\MyTimers.c       0x00000000   Number         0  mytimers.o ABSOLUTE
    C:\Programdata\Keil\Arm\Packs\Keil\ARM_Compiler\1.6.3\Source\retarget_io.c 0x00000000   Number         0  retarget_io.o ABSOLUTE
    RTE\Device\STM32F103RB\startup_stm32f10x_md.s 0x00000000   Number         0  startup_stm32f10x_md.o ABSOLUTE
    RTE\Device\STM32F103RB\system_stm32f10x.c 0x00000000   Number         0  system_stm32f10x.o ABSOLUTE
    RTE\\Device\\STM32F103RB\\system_stm32f10x.c 0x00000000   Number         0  system_stm32f10x.o ABSOLUTE
    Source\Principal.c                       0x00000000   Number         0  principal.o ABSOLUTE
    Source\\Principal.c                      0x00000000   Number         0  principal.o ABSOLUTE
    cdcmple.s                                0x00000000   Number         0  cdcmple.o ABSOLUTE
    dc.s                                     0x00000000   Number         0  dc.o ABSOLUTE
    handlers.s                               0x00000000   Number         0  handlers.o ABSOLUTE
    init.s                                   0x00000000   Number         0  init.o ABSOLUTE
    RESET                                    0x08000000   Section      236  startup_stm32f10x_md.o(RESET)
    .ARM.Collect$$$$00000000                 0x080000ec   Section        0  entry.o(.ARM.Collect$$$$00000000)
    .ARM.Collect$$$$00000001                 0x080000ec   Section        4  entry2.o(.ARM.Collect$$$$00000001)
    .ARM.Collect$$$$00000004                 0x080000f0   Section        4  entry5.o(.ARM.Collect$$$$00000004)
    .ARM.Collect$$$$00000008                 0x080000f4   Section        0  entry7b.o(.ARM.Collect$$$$00000008)
    .ARM.Collect$$$$0000000A                 0x080000f4   Section        0  entry8b.o(.ARM.Collect$$$$0000000A)
    .ARM.Collect$$$$0000000B                 0x080000f4   Section        8  entry9a.o(.ARM.Collect$$$$0000000B)
    .ARM.Collect$$$$0000000E                 0x080000fc   Section        4  entry12b.o(.ARM.Collect$$$$0000000E)
    .ARM.Collect$$$$0000000F                 0x08000100   Section        0  entry10a.o(.ARM.Collect$$$$0000000F)
    .ARM.Collect$$$$00000011                 0x08000100   Section        0  entry11a.o(.ARM.Collect$$$$00000011)
    .ARM.Collect$$$$00002712                 0x08000100   Section        4  entry2.o(.ARM.Collect$$$$00002712)
    __lit__00000000                          0x08000100   Data           4  entry2.o(.ARM.Collect$$$$00002712)
    .text                                    0x08000104   Section       36  startup_stm32f10x_md.o(.text)
    .text                                    0x08000128   Section        0  fmul.o(.text)
    .text                                    0x0800018c   Section        0  ffltui.o(.text)
    .text                                    0x08000196   Section        0  ffixi.o(.text)
    .text                                    0x080001c8   Section        0  fepilogue.o(.text)
    .text                                    0x080001c8   Section        0  iusefp.o(.text)
    .text                                    0x08000238   Section       36  init.o(.text)
    i.Callback                               0x0800025c   Section        0  principal.o(i.Callback)
    i.MyGPIO_Init                            0x0800026c   Section        0  mygpio.o(i.MyGPIO_Init)
    i.MyGPIO_Read                            0x08000314   Section        0  mygpio.o(i.MyGPIO_Read)
    i.MyGPIO_Reset                           0x08000320   Section        0  mygpio.o(i.MyGPIO_Reset)
    i.MyGPIO_Set                             0x0800033a   Section        0  mygpio.o(i.MyGPIO_Set)
    i.MyGPIO_Toggle                          0x08000350   Section        0  mygpio.o(i.MyGPIO_Toggle)
    i.MyTimer_ActiveIT                       0x0800036c   Section        0  mytimers.o(i.MyTimer_ActiveIT)
    i.MyTimer_Base_Init                      0x08000420   Section        0  mytimers.o(i.MyTimer_Base_Init)
    i.MyTimer_PWM                            0x08000488   Section        0  mytimers.o(i.MyTimer_PWM)
    i.MyTimer_PWM_dutyCycle                  0x0800051e   Section        0  mytimers.o(i.MyTimer_PWM_dutyCycle)
    i.MyTimer_PWM_init                       0x08000568   Section        0  mytimers.o(i.MyTimer_PWM_init)
    i.SetSysClock                            0x0800058e   Section        0  system_stm32f10x.o(i.SetSysClock)
    SetSysClock                              0x0800058f   Thumb Code     8  system_stm32f10x.o(i.SetSysClock)
    i.SetSysClockTo72                        0x08000598   Section        0  system_stm32f10x.o(i.SetSysClockTo72)
    SetSysClockTo72                          0x08000599   Thumb Code   214  system_stm32f10x.o(i.SetSysClockTo72)
    i.SystemInit                             0x08000678   Section        0  system_stm32f10x.o(i.SystemInit)
    i.TIM1_UP_IRQHandler                     0x080006d8   Section        0  mytimers.o(i.TIM1_UP_IRQHandler)
    i.TIM2_IRQHandler                        0x08000708   Section        0  mytimers.o(i.TIM2_IRQHandler)
    i.TIM3_IRQHandler                        0x08000734   Section        0  mytimers.o(i.TIM3_IRQHandler)
    i.TIM4_IRQHandler                        0x0800075c   Section        0  mytimers.o(i.TIM4_IRQHandler)
    i.__scatterload_copy                     0x08000784   Section       14  handlers.o(i.__scatterload_copy)
    i.__scatterload_null                     0x08000792   Section        2  handlers.o(i.__scatterload_null)
    i.__scatterload_zeroinit                 0x08000794   Section       14  handlers.o(i.__scatterload_zeroinit)
    i.main                                   0x080007a4   Section        0  principal.o(i.main)
    .data                                    0x20000000   Section        8  principal.o(.data)
    .data                                    0x20000008   Section       16  mytimers.o(.data)
    STACK                                    0x20000018   Section     1024  startup_stm32f10x_md.o(STACK)

    Global Symbols

    Symbol Name                              Value     Ov Type        Size  Object(Section)

    BuildAttributes$$THM_ISAv4$P$D$K$B$S$PE$A:L22UL41UL21$X:L11$S22US41US21$IEEE1$IW$USESV6$~STKCKD$USESV7$~SHL$OTIME$ROPI$EBA8$MICROLIB$REQ8$PRES8$EABIv2 0x00000000   Number         0  anon$$obj.o ABSOLUTE
    __ARM_use_no_argv                        0x00000000   Number         0  principal.o ABSOLUTE
    __arm_fini_                               - Undefined Weak Reference
    __cpp_initialize__aeabi_                  - Undefined Weak Reference
    __cxa_finalize                            - Undefined Weak Reference
    __decompress                              - Undefined Weak Reference
    _clock_init                               - Undefined Weak Reference
    _microlib_exit                            - Undefined Weak Reference
    __Vectors_Size                           0x000000ec   Number         0  startup_stm32f10x_md.o ABSOLUTE
    __Vectors                                0x08000000   Data           4  startup_stm32f10x_md.o(RESET)
    __Vectors_End                            0x080000ec   Data           0  startup_stm32f10x_md.o(RESET)
    __main                                   0x080000ed   Thumb Code     0  entry.o(.ARM.Collect$$$$00000000)
    _main_stk                                0x080000ed   Thumb Code     0  entry2.o(.ARM.Collect$$$$00000001)
    _main_scatterload                        0x080000f1   Thumb Code     0  entry5.o(.ARM.Collect$$$$00000004)
    __main_after_scatterload                 0x080000f5   Thumb Code     0  entry5.o(.ARM.Collect$$$$00000004)
    _main_clock                              0x080000f5   Thumb Code     0  entry7b.o(.ARM.Collect$$$$00000008)
    _main_cpp_init                           0x080000f5   Thumb Code     0  entry8b.o(.ARM.Collect$$$$0000000A)
    _main_init                               0x080000f5   Thumb Code     0  entry9a.o(.ARM.Collect$$$$0000000B)
    __rt_lib_shutdown_fini                   0x080000fd   Thumb Code     0  entry12b.o(.ARM.Collect$$$$0000000E)
    __rt_final_cpp                           0x08000101   Thumb Code     0  entry10a.o(.ARM.Collect$$$$0000000F)
    __rt_final_exit                          0x08000101   Thumb Code     0  entry11a.o(.ARM.Collect$$$$00000011)
    Reset_Handler                            0x08000105   Thumb Code     8  startup_stm32f10x_md.o(.text)
    NMI_Handler                              0x0800010d   Thumb Code     2  startup_stm32f10x_md.o(.text)
    HardFault_Handler                        0x0800010f   Thumb Code     2  startup_stm32f10x_md.o(.text)
    MemManage_Handler                        0x08000111   Thumb Code     2  startup_stm32f10x_md.o(.text)
    BusFault_Handler                         0x08000113   Thumb Code     2  startup_stm32f10x_md.o(.text)
    UsageFault_Handler                       0x08000115   Thumb Code     2  startup_stm32f10x_md.o(.text)
    SVC_Handler                              0x08000117   Thumb Code     2  startup_stm32f10x_md.o(.text)
    DebugMon_Handler                         0x08000119   Thumb Code     2  startup_stm32f10x_md.o(.text)
    PendSV_Handler                           0x0800011b   Thumb Code     2  startup_stm32f10x_md.o(.text)
    SysTick_Handler                          0x0800011d   Thumb Code     2  startup_stm32f10x_md.o(.text)
    ADC1_2_IRQHandler                        0x0800011f   Thumb Code     0  startup_stm32f10x_md.o(.text)
    CAN1_RX1_IRQHandler                      0x0800011f   Thumb Code     0  startup_stm32f10x_md.o(.text)
    CAN1_SCE_IRQHandler                      0x0800011f   Thumb Code     0  startup_stm32f10x_md.o(.text)
    DMA1_Channel1_IRQHandler                 0x0800011f   Thumb Code     0  startup_stm32f10x_md.o(.text)
    DMA1_Channel2_IRQHandler                 0x0800011f   Thumb Code     0  startup_stm32f10x_md.o(.text)
    DMA1_Channel3_IRQHandler                 0x0800011f   Thumb Code     0  startup_stm32f10x_md.o(.text)
    DMA1_Channel4_IRQHandler                 0x0800011f   Thumb Code     0  startup_stm32f10x_md.o(.text)
    DMA1_Channel5_IRQHandler                 0x0800011f   Thumb Code     0  startup_stm32f10x_md.o(.text)
    DMA1_Channel6_IRQHandler                 0x0800011f   Thumb Code     0  startup_stm32f10x_md.o(.text)
    DMA1_Channel7_IRQHandler                 0x0800011f   Thumb Code     0  startup_stm32f10x_md.o(.text)
    EXTI0_IRQHandler                         0x0800011f   Thumb Code     0  startup_stm32f10x_md.o(.text)
    EXTI15_10_IRQHandler                     0x0800011f   Thumb Code     0  startup_stm32f10x_md.o(.text)
    EXTI1_IRQHandler                         0x0800011f   Thumb Code     0  startup_stm32f10x_md.o(.text)
    EXTI2_IRQHandler                         0x0800011f   Thumb Code     0  startup_stm32f10x_md.o(.text)
    EXTI3_IRQHandler                         0x0800011f   Thumb Code     0  startup_stm32f10x_md.o(.text)
    EXTI4_IRQHandler                         0x0800011f   Thumb Code     0  startup_stm32f10x_md.o(.text)
    EXTI9_5_IRQHandler                       0x0800011f   Thumb Code     0  startup_stm32f10x_md.o(.text)
    FLASH_IRQHandler                         0x0800011f   Thumb Code     0  startup_stm32f10x_md.o(.text)
    I2C1_ER_IRQHandler                       0x0800011f   Thumb Code     0  startup_stm32f10x_md.o(.text)
    I2C1_EV_IRQHandler                       0x0800011f   Thumb Code     0  startup_stm32f10x_md.o(.text)
    I2C2_ER_IRQHandler                       0x0800011f   Thumb Code     0  startup_stm32f10x_md.o(.text)
    I2C2_EV_IRQHandler                       0x0800011f   Thumb Code     0  startup_stm32f10x_md.o(.text)
    PVD_IRQHandler                           0x0800011f   Thumb Code     0  startup_stm32f10x_md.o(.text)
    RCC_IRQHandler                           0x0800011f   Thumb Code     0  startup_stm32f10x_md.o(.text)
    RTCAlarm_IRQHandler                      0x0800011f   Thumb Code     0  startup_stm32f10x_md.o(.text)
    RTC_IRQHandler                           0x0800011f   Thumb Code     0  startup_stm32f10x_md.o(.text)
    SPI1_IRQHandler                          0x0800011f   Thumb Code     0  startup_stm32f10x_md.o(.text)
    SPI2_IRQHandler                          0x0800011f   Thumb Code     0  startup_stm32f10x_md.o(.text)
    TAMPER_IRQHandler                        0x0800011f   Thumb Code     0  startup_stm32f10x_md.o(.text)
    TIM1_BRK_IRQHandler                      0x0800011f   Thumb Code     0  startup_stm32f10x_md.o(.text)
    TIM1_CC_IRQHandler                       0x0800011f   Thumb Code     0  startup_stm32f10x_md.o(.text)
    TIM1_TRG_COM_IRQHandler                  0x0800011f   Thumb Code     0  startup_stm32f10x_md.o(.text)
    USART1_IRQHandler                        0x0800011f   Thumb Code     0  startup_stm32f10x_md.o(.text)
    USART2_IRQHandler                        0x0800011f   Thumb Code     0  startup_stm32f10x_md.o(.text)
    USART3_IRQHandler                        0x0800011f   Thumb Code     0  startup_stm32f10x_md.o(.text)
    USBWakeUp_IRQHandler                     0x0800011f   Thumb Code     0  startup_stm32f10x_md.o(.text)
    USB_HP_CAN1_TX_IRQHandler                0x0800011f   Thumb Code     0  startup_stm32f10x_md.o(.text)
    USB_LP_CAN1_RX0_IRQHandler               0x0800011f   Thumb Code     0  startup_stm32f10x_md.o(.text)
    WWDG_IRQHandler                          0x0800011f   Thumb Code     0  startup_stm32f10x_md.o(.text)
    __aeabi_fmul                             0x08000129   Thumb Code   100  fmul.o(.text)
    __aeabi_ui2f                             0x0800018d   Thumb Code    10  ffltui.o(.text)
    __aeabi_f2iz                             0x08000197   Thumb Code    50  ffixi.o(.text)
    __I$use$fp                               0x080001c9   Thumb Code     0  iusefp.o(.text)
    _float_round                             0x080001c9   Thumb Code    18  fepilogue.o(.text)
    _float_epilogue                          0x080001db   Thumb Code    92  fepilogue.o(.text)
    __scatterload                            0x08000239   Thumb Code    28  init.o(.text)
    __scatterload_rt2                        0x08000239   Thumb Code     0  init.o(.text)
    Callback                                 0x0800025d   Thumb Code    12  principal.o(i.Callback)
    MyGPIO_Init                              0x0800026d   Thumb Code   156  mygpio.o(i.MyGPIO_Init)
    MyGPIO_Read                              0x08000315   Thumb Code    12  mygpio.o(i.MyGPIO_Read)
    MyGPIO_Reset                             0x08000321   Thumb Code    26  mygpio.o(i.MyGPIO_Reset)
    MyGPIO_Set                               0x0800033b   Thumb Code    22  mygpio.o(i.MyGPIO_Set)
    MyGPIO_Toggle                            0x08000351   Thumb Code    26  mygpio.o(i.MyGPIO_Toggle)
    MyTimer_ActiveIT                         0x0800036d   Thumb Code   144  mytimers.o(i.MyTimer_ActiveIT)
    MyTimer_Base_Init                        0x08000421   Thumb Code    86  mytimers.o(i.MyTimer_Base_Init)
    MyTimer_PWM                              0x08000489   Thumb Code   150  mytimers.o(i.MyTimer_PWM)
    MyTimer_PWM_dutyCycle                    0x0800051f   Thumb Code    74  mytimers.o(i.MyTimer_PWM_dutyCycle)
    MyTimer_PWM_init                         0x08000569   Thumb Code    38  mytimers.o(i.MyTimer_PWM_init)
    SystemInit                               0x08000679   Thumb Code    78  system_stm32f10x.o(i.SystemInit)
    TIM1_UP_IRQHandler                       0x080006d9   Thumb Code    38  mytimers.o(i.TIM1_UP_IRQHandler)
    TIM2_IRQHandler                          0x08000709   Thumb Code    38  mytimers.o(i.TIM2_IRQHandler)
    TIM3_IRQHandler                          0x08000735   Thumb Code    32  mytimers.o(i.TIM3_IRQHandler)
    TIM4_IRQHandler                          0x0800075d   Thumb Code    32  mytimers.o(i.TIM4_IRQHandler)
    __scatterload_copy                       0x08000785   Thumb Code    14  handlers.o(i.__scatterload_copy)
    __scatterload_null                       0x08000793   Thumb Code     2  handlers.o(i.__scatterload_null)
    __scatterload_zeroinit                   0x08000795   Thumb Code    14  handlers.o(i.__scatterload_zeroinit)
    main                                     0x080007a5   Thumb Code   102  principal.o(i.main)
    Region$$Table$$Base                      0x08000820   Number         0  anon$$obj.o(Region$$Table)
    Region$$Table$$Limit                     0x08000840   Number         0  anon$$obj.o(Region$$Table)
    i                                        0x20000000   Data           4  principal.o(.data)
    Timer                                    0x20000004   Data           4  principal.o(.data)
    TIM1_Callback_pointeur                   0x20000008   Data           4  mytimers.o(.data)
    TIM2_Callback_pointeur                   0x2000000c   Data           4  mytimers.o(.data)
    TIM3_Callback_pointeur                   0x20000010   Data           4  mytimers.o(.data)
    TIM4_Callback_pointeur                   0x20000014   Data           4  mytimers.o(.data)
    __initial_sp                             0x20000418   Data           0  startup_stm32f10x_md.o(STACK)



==============================================================================

Memory Map of the image

  Image Entry point : 0x08000105

  Load Region LR_1 (Base: 0x08000000, Size: 0x00000858, Max: 0xffffffff, ABSOLUTE)

    Execution Region ER_RO (Exec base: 0x08000000, Load base: 0x08000000, Size: 0x00000840, Max: 0xffffffff, ABSOLUTE)

    Exec Addr    Load Addr    Size         Type   Attr      Idx    E Section Name        Object

    0x08000000   0x08000000   0x000000ec   Data   RO          290    RESET               startup_stm32f10x_md.o
    0x080000ec   0x080000ec   0x00000000   Code   RO          341  * .ARM.Collect$$$$00000000  mc_w.l(entry.o)
    0x080000ec   0x080000ec   0x00000004   Code   RO          361    .ARM.Collect$$$$00000001  mc_w.l(entry2.o)
    0x080000f0   0x080000f0   0x00000004   Code   RO          364    .ARM.Collect$$$$00000004  mc_w.l(entry5.o)
    0x080000f4   0x080000f4   0x00000000   Code   RO          366    .ARM.Collect$$$$00000008  mc_w.l(entry7b.o)
    0x080000f4   0x080000f4   0x00000000   Code   RO          368    .ARM.Collect$$$$0000000A  mc_w.l(entry8b.o)
    0x080000f4   0x080000f4   0x00000008   Code   RO          369    .ARM.Collect$$$$0000000B  mc_w.l(entry9a.o)
    0x080000fc   0x080000fc   0x00000004   Code   RO          376    .ARM.Collect$$$$0000000E  mc_w.l(entry12b.o)
    0x08000100   0x08000100   0x00000000   Code   RO          371    .ARM.Collect$$$$0000000F  mc_w.l(entry10a.o)
    0x08000100   0x08000100   0x00000000   Code   RO          373    .ARM.Collect$$$$00000011  mc_w.l(entry11a.o)
    0x08000100   0x08000100   0x00000004   Code   RO          362    .ARM.Collect$$$$00002712  mc_w.l(entry2.o)
    0x08000104   0x08000104   0x00000024   Code   RO          291  * .text               startup_stm32f10x_md.o
    0x08000128   0x08000128   0x00000064   Code   RO          351    .text               mf_w.l(fmul.o)
    0x0800018c   0x0800018c   0x0000000a   Code   RO          353    .text               mf_w.l(ffltui.o)
    0x08000196   0x08000196   0x00000032   Code   RO          357    .text               mf_w.l(ffixi.o)
    0x080001c8   0x080001c8   0x00000000   Code   RO          377    .text               mc_w.l(iusefp.o)
    0x080001c8   0x080001c8   0x0000006e   Code   RO          378    .text               mf_w.l(fepilogue.o)
    0x08000236   0x08000236   0x00000002   PAD
    0x08000238   0x08000238   0x00000024   Code   RO          382    .text               mc_w.l(init.o)
    0x0800025c   0x0800025c   0x00000010   Code   RO            4    i.Callback          principal.o
    0x0800026c   0x0800026c   0x000000a8   Code   RO           78    i.MyGPIO_Init       mygpio.o
    0x08000314   0x08000314   0x0000000c   Code   RO           79    i.MyGPIO_Read       mygpio.o
    0x08000320   0x08000320   0x0000001a   Code   RO           80    i.MyGPIO_Reset      mygpio.o
    0x0800033a   0x0800033a   0x00000016   Code   RO           81    i.MyGPIO_Set        mygpio.o
    0x08000350   0x08000350   0x0000001a   Code   RO           82    i.MyGPIO_Toggle     mygpio.o
    0x0800036a   0x0800036a   0x00000002   PAD
    0x0800036c   0x0800036c   0x000000b4   Code   RO          126    i.MyTimer_ActiveIT  mytimers.o
    0x08000420   0x08000420   0x00000068   Code   RO          127    i.MyTimer_Base_Init  mytimers.o
    0x08000488   0x08000488   0x00000096   Code   RO          128    i.MyTimer_PWM       mytimers.o
    0x0800051e   0x0800051e   0x0000004a   Code   RO          129    i.MyTimer_PWM_dutyCycle  mytimers.o
    0x08000568   0x08000568   0x00000026   Code   RO          130    i.MyTimer_PWM_init  mytimers.o
    0x0800058e   0x0800058e   0x00000008   Code   RO          298    i.SetSysClock       system_stm32f10x.o
    0x08000596   0x08000596   0x00000002   PAD
    0x08000598   0x08000598   0x000000e0   Code   RO          299    i.SetSysClockTo72   system_stm32f10x.o
    0x08000678   0x08000678   0x00000060   Code   RO          301    i.SystemInit        system_stm32f10x.o
    0x080006d8   0x080006d8   0x00000030   Code   RO          131    i.TIM1_UP_IRQHandler  mytimers.o
    0x08000708   0x08000708   0x0000002c   Code   RO          132    i.TIM2_IRQHandler   mytimers.o
    0x08000734   0x08000734   0x00000028   Code   RO          133    i.TIM3_IRQHandler   mytimers.o
    0x0800075c   0x0800075c   0x00000028   Code   RO          134    i.TIM4_IRQHandler   mytimers.o
    0x08000784   0x08000784   0x0000000e   Code   RO          390    i.__scatterload_copy  mc_w.l(handlers.o)
    0x08000792   0x08000792   0x00000002   Code   RO          391    i.__scatterload_null  mc_w.l(handlers.o)
    0x08000794   0x08000794   0x0000000e   Code   RO          392    i.__scatterload_zeroinit  mc_w.l(handlers.o)
    0x080007a2   0x080007a2   0x00000002   PAD
    0x080007a4   0x080007a4   0x0000007c   Code   RO            5    i.main              principal.o
    0x08000820   0x08000820   0x00000020   Data   RO          388    Region$$Table       anon$$obj.o


    Execution Region ER_RW (Exec base: 0x20000000, Load base: 0x08000840, Size: 0x00000018, Max: 0xffffffff, ABSOLUTE)

    Exec Addr    Load Addr    Size         Type   Attr      Idx    E Section Name        Object

    0x20000000   0x08000840   0x00000008   Data   RW            7    .data               principal.o
    0x20000008   0x08000848   0x00000010   Data   RW          135    .data               mytimers.o


    Execution Region ER_ZI (Exec base: 0x20000018, Load base: 0x08000858, Size: 0x00000400, Max: 0xffffffff, ABSOLUTE)

    Exec Addr    Load Addr    Size         Type   Attr      Idx    E Section Name        Object

    0x20000018        -       0x00000400   Zero   RW          288    STACK               startup_stm32f10x_md.o


==============================================================================

Image component sizes


      Code (inc. data)   RO Data    RW Data    ZI Data      Debug   Object Name

       254         12          0          0          0       3556   mygpio.o
       718         86          0         16          0      31276   mytimers.o
       140         26          0          8          0     207940   principal.o
        36          8        236          0       1024        824   startup_stm32f10x_md.o
       328         28          0          0          0       2029   system_stm32f10x.o

    ----------------------------------------------------------------------
      1480        160        268         24       1024     245625   Object Totals
         0          0         32          0          0          0   (incl. Generated)
         4          0          0          0          0          0   (incl. Padding)

    ----------------------------------------------------------------------

      Code (inc. data)   RO Data    RW Data    ZI Data      Debug   Library Member Name

         0          0          0          0          0          0   entry.o
         0          0          0          0          0          0   entry10a.o
         0          0          0          0          0          0   entry11a.o
         4          0          0          0          0          0   entry12b.o
         8          4          0          0          0          0   entry2.o
         4          0          0          0          0          0   entry5.o
         0          0          0          0          0          0   entry7b.o
         0          0          0          0          0          0   entry8b.o
         8          4          0          0          0          0   entry9a.o
        30          0          0          0          0          0   handlers.o
        36          8          0          0          0         68   init.o
         0          0          0          0          0          0   iusefp.o
       110          0          0          0          0        168   fepilogue.o
        50          0          0          0          0         68   ffixi.o
        10          0          0          0          0         68   ffltui.o
       100          0          0          0          0         76   fmul.o

    ----------------------------------------------------------------------
       364         16          0          0          0        448   Library Totals
         4          0          0          0          0          0   (incl. Padding)

    ----------------------------------------------------------------------

      Code (inc. data)   RO Data    RW Data    ZI Data      Debug   Library Name

        90         16          0          0          0         68   mc_w.l
       270          0          0          0          0        380   mf_w.l

    ----------------------------------------------------------------------
       364         16          0          0          0        448   Library Totals

    ----------------------------------------------------------------------

==============================================================================


      Code (inc. data)   RO Data    RW Data    ZI Data      Debug   

      1844        176        268         24       1024     245237   Grand Totals
      1844        176        268         24       1024     245237   ELF Image Totals
      1844        176        268         24          0          0   ROM Totals

==============================================================================

    Total RO  Size (Code + RO Data)                 2112 (   2.06kB)
    Total RW  Size (RW Data + ZI Data)              1048 (   1.02kB)
    Total ROM Size (Code + RO Data + RW Data)       2136 (   2.09kB)

==============================================================================

